2026-06-15 00:19:11.500[http-nio-8080-exec-1][INFO][com.example.web.UserController] - ユーザー取得リクエスト
2026-06-15 00:19:11.705[http-nio-8080-exec-1][DEBUG][com.example.mapper.UserMapper.selectById] - ==>  Preparing: SELECT id, name, email FROM users WHERE id = ?
2026-06-15 00:19:11.706[http-nio-8080-exec-1][DEBUG][com.example.mapper.UserMapper.selectById] - ==> Parameters: 1(Long)
2026-06-15 00:19:11.708[http-nio-8080-exec-1][DEBUG][com.example.mapper.UserMapper.selectById] - <==      Total: 1
2026-06-15 00:19:12.100[http-nio-8080-exec-2][DEBUG][com.example.mapper.OrderMapper.selectByUserId] - ==>  Preparing: SELECT * FROM orders WHERE user_id = ? ORDER BY created_at DESC
2026-06-15 00:19:12.101[http-nio-8080-exec-2][DEBUG][com.example.mapper.OrderMapper.selectByUserId] - ==> Parameters: 1(Long)
2026-06-15 00:19:12.105[http-nio-8080-exec-2][DEBUG][com.example.mapper.OrderMapper.selectByUserId] - <==      Total: 3
2026-06-15 00:19:13.200[http-nio-8080-exec-3][DEBUG][com.example.mapper.UserMapper.insert] - ==>  Preparing: INSERT INTO users (name, email) VALUES (?, ?)
2026-06-15 00:19:13.201[http-nio-8080-exec-3][DEBUG][com.example.mapper.UserMapper.insert] - ==> Parameters: Alice(String), alice@example.com(String)
2026-06-15 00:19:13.210[http-nio-8080-exec-3][DEBUG][com.example.mapper.UserMapper.insert] - <==    Updates: 1
2026-06-15 00:19:14.300[http-nio-8080-exec-4][DEBUG][com.example.mapper.UserMapper.updateEmail] - ==>  Preparing: UPDATE users SET email = ? WHERE id = ?
2026-06-15 00:19:14.301[http-nio-8080-exec-4][DEBUG][com.example.mapper.UserMapper.updateEmail] - ==> Parameters: bob@example.com(String), 2(Long)
2026-06-15 00:19:14.305[http-nio-8080-exec-4][DEBUG][com.example.mapper.UserMapper.updateEmail] - <==    Updates: 1
2026-06-15 00:19:15.400[http-nio-8080-exec-5][DEBUG][com.example.mapper.UserMapper.deleteById] - ==>  Preparing: DELETE FROM users WHERE id = ?
2026-06-15 00:19:15.401[http-nio-8080-exec-5][DEBUG][com.example.mapper.UserMapper.deleteById] - ==> Parameters: 99(Long)
2026-06-15 00:19:15.403[http-nio-8080-exec-5][DEBUG][com.example.mapper.UserMapper.deleteById] - <==    Updates: 0
2026-06-15 00:19:16.500[http-nio-8080-exec-6][ERROR][com.example.web.UserController] - 処理失敗
java.lang.RuntimeException: boom
	at com.example.web.UserController.process(UserController.java:42)
	at com.example.web.UserController.handle(UserController.java:28)
2026-06-15 00:19:17.600[http-nio-8080-exec-7][DEBUG][com.example.mapper.ReportMapper.heavyQuery] - ==>  Preparing: SELECT u.id, u.name, COUNT(o.id) FROM users u LEFT JOIN orders o ON u.id = o.user_id GROUP BY u.id, u.name
2026-06-15 00:19:17.601[http-nio-8080-exec-7][DEBUG][com.example.mapper.ReportMapper.heavyQuery] - ==> Parameters: 
2026-06-15 00:19:17.650[http-nio-8080-exec-7][DEBUG][com.example.mapper.ReportMapper.heavyQuery] - <==      Total: 150
